
2024-06-10 11:42:23,184 Failed
Traceback (most recent call last):
  File "D:\Trung\Project\Checkweigher\Function\Scale.py", line 39, in openPort
    self.scale = Instrument(self.portScale, 1)
  File "d:\Trung\software\miniconda\envs\intemtui\lib\site-packages\minimalmodbus.py", line 220, in __init__
    self.serial = _serialports[port] = serial.Serial(
  File "d:\Trung\software\miniconda\envs\intemtui\lib\site-packages\serial\serialwin32.py", line 33, in __init__
    super(Serial, self).__init__(*args, **kwargs)
  File "d:\Trung\software\miniconda\envs\intemtui\lib\site-packages\serial\serialutil.py", line 244, in __init__
    self.open()
  File "d:\Trung\software\miniconda\envs\intemtui\lib\site-packages\serial\serialwin32.py", line 64, in open
    raise SerialException("could not open port {!r}: {!r}".format(self.portstr, ctypes.WinError()))
serial.serialutil.SerialException: could not open port 'COM5': FileNotFoundError(2, 'The system cannot find the file specified.', None, 2)

2024-06-10 11:43:04,596 Failed
Traceback (most recent call last):
  File "D:\Trung\Project\Checkweigher\Function\Scale.py", line 39, in openPort
    self.scale = Instrument(self.portScale, 1)
  File "d:\Trung\software\miniconda\envs\intemtui\lib\site-packages\minimalmodbus.py", line 220, in __init__
    self.serial = _serialports[port] = serial.Serial(
  File "d:\Trung\software\miniconda\envs\intemtui\lib\site-packages\serial\serialwin32.py", line 33, in __init__
    super(Serial, self).__init__(*args, **kwargs)
  File "d:\Trung\software\miniconda\envs\intemtui\lib\site-packages\serial\serialutil.py", line 244, in __init__
    self.open()
  File "d:\Trung\software\miniconda\envs\intemtui\lib\site-packages\serial\serialwin32.py", line 64, in open
    raise SerialException("could not open port {!r}: {!r}".format(self.portstr, ctypes.WinError()))
serial.serialutil.SerialException: could not open port 'COM5': FileNotFoundError(2, 'The system cannot find the file specified.', None, 2)

2024-06-19 11:16:54,116 Failed
Traceback (most recent call last):
  File "D:\Trung\Project\Checkweigher\Function\Scale.py", line 39, in openPort
    self.scale = Instrument(self.portScale, 1)
  File "d:\Trung\software\miniconda\envs\intemtui\lib\site-packages\minimalmodbus.py", line 220, in __init__
    self.serial = _serialports[port] = serial.Serial(
  File "d:\Trung\software\miniconda\envs\intemtui\lib\site-packages\serial\serialwin32.py", line 33, in __init__
    super(Serial, self).__init__(*args, **kwargs)
  File "d:\Trung\software\miniconda\envs\intemtui\lib\site-packages\serial\serialutil.py", line 244, in __init__
    self.open()
  File "d:\Trung\software\miniconda\envs\intemtui\lib\site-packages\serial\serialwin32.py", line 64, in open
    raise SerialException("could not open port {!r}: {!r}".format(self.portstr, ctypes.WinError()))
serial.serialutil.SerialException: could not open port 'COM5': FileNotFoundError(2, 'The system cannot find the file specified.', None, 2)

2024-06-19 11:20:14,587 Error
Traceback (most recent call last):
  File "D:\Trung\Project\Checkweigher\CheckWeigher.py", line 240, in <module>
    gui = MainGUI(data.config)
  File "D:\Trung\Project\Checkweigher\CheckWeigher.py", line 26, in __init__
    self.loaddata = LoadData(self, fileData=fileData, filePrint=filePrint, fileUpdateData=fileUpdateData, fileUpdatePrint=fileUpdatePrint)
  File "D:\Trung\Project\Checkweigher\Function\LoadData.py", line 15, in __init__
    self.data, self.data_print = self.loaddata()
  File "D:\Trung\Project\Checkweigher\Function\LoadData.py", line 18, in loaddata
    self.MainWin.resetdata()
  File "D:\Trung\Project\Checkweigher\CheckWeigher.py", line 79, in resetdata
    self.ui.PO.clear()
AttributeError: 'Ui_CheckWeigher' object has no attribute 'PO'

2024-06-19 11:23:57,834 Failed
Traceback (most recent call last):
  File "D:\Trung\Project\Checkweigher\Function\Scale.py", line 39, in openPort
    self.scale = Instrument(self.portScale, 1)
  File "d:\Trung\software\miniconda\envs\intemtui\lib\site-packages\minimalmodbus.py", line 220, in __init__
    self.serial = _serialports[port] = serial.Serial(
  File "d:\Trung\software\miniconda\envs\intemtui\lib\site-packages\serial\serialwin32.py", line 33, in __init__
    super(Serial, self).__init__(*args, **kwargs)
  File "d:\Trung\software\miniconda\envs\intemtui\lib\site-packages\serial\serialutil.py", line 244, in __init__
    self.open()
  File "d:\Trung\software\miniconda\envs\intemtui\lib\site-packages\serial\serialwin32.py", line 64, in open
    raise SerialException("could not open port {!r}: {!r}".format(self.portstr, ctypes.WinError()))
serial.serialutil.SerialException: could not open port 'COM5': FileNotFoundError(2, 'The system cannot find the file specified.', None, 2)

2024-06-19 11:25:07,946 Failed
Traceback (most recent call last):
  File "D:\Trung\Project\Checkweigher\Function\Scale.py", line 39, in openPort
    self.scale = Instrument(self.portScale, 1)
  File "d:\Trung\software\miniconda\envs\intemtui\lib\site-packages\minimalmodbus.py", line 220, in __init__
    self.serial = _serialports[port] = serial.Serial(
  File "d:\Trung\software\miniconda\envs\intemtui\lib\site-packages\serial\serialwin32.py", line 33, in __init__
    super(Serial, self).__init__(*args, **kwargs)
  File "d:\Trung\software\miniconda\envs\intemtui\lib\site-packages\serial\serialutil.py", line 244, in __init__
    self.open()
  File "d:\Trung\software\miniconda\envs\intemtui\lib\site-packages\serial\serialwin32.py", line 64, in open
    raise SerialException("could not open port {!r}: {!r}".format(self.portstr, ctypes.WinError()))
serial.serialutil.SerialException: could not open port 'COM5': FileNotFoundError(2, 'The system cannot find the file specified.', None, 2)

2024-06-19 11:29:31,253 Failed
Traceback (most recent call last):
  File "D:\Trung\Project\Checkweigher\Function\Scale.py", line 39, in openPort
    self.scale = Instrument(self.portScale, 1)
  File "d:\Trung\software\miniconda\envs\intemtui\lib\site-packages\minimalmodbus.py", line 220, in __init__
    self.serial = _serialports[port] = serial.Serial(
  File "d:\Trung\software\miniconda\envs\intemtui\lib\site-packages\serial\serialwin32.py", line 33, in __init__
    super(Serial, self).__init__(*args, **kwargs)
  File "d:\Trung\software\miniconda\envs\intemtui\lib\site-packages\serial\serialutil.py", line 244, in __init__
    self.open()
  File "d:\Trung\software\miniconda\envs\intemtui\lib\site-packages\serial\serialwin32.py", line 64, in open
    raise SerialException("could not open port {!r}: {!r}".format(self.portstr, ctypes.WinError()))
serial.serialutil.SerialException: could not open port 'COM5': FileNotFoundError(2, 'The system cannot find the file specified.', None, 2)

2024-06-19 11:31:01,851 Failed
Traceback (most recent call last):
  File "D:\Trung\Project\Checkweigher\Function\Scale.py", line 39, in openPort
    self.scale = Instrument(self.portScale, 1)
  File "d:\Trung\software\miniconda\envs\intemtui\lib\site-packages\minimalmodbus.py", line 220, in __init__
    self.serial = _serialports[port] = serial.Serial(
  File "d:\Trung\software\miniconda\envs\intemtui\lib\site-packages\serial\serialwin32.py", line 33, in __init__
    super(Serial, self).__init__(*args, **kwargs)
  File "d:\Trung\software\miniconda\envs\intemtui\lib\site-packages\serial\serialutil.py", line 244, in __init__
    self.open()
  File "d:\Trung\software\miniconda\envs\intemtui\lib\site-packages\serial\serialwin32.py", line 64, in open
    raise SerialException("could not open port {!r}: {!r}".format(self.portstr, ctypes.WinError()))
serial.serialutil.SerialException: could not open port 'COM5': FileNotFoundError(2, 'The system cannot find the file specified.', None, 2)

2024-06-19 11:31:02,680 Error
Traceback (most recent call last):
  File "D:\Trung\Project\Checkweigher\CheckWeigher.py", line 245, in <module>
    gui = MainGUI(data.config)
  File "D:\Trung\Project\Checkweigher\CheckWeigher.py", line 31, in __init__
    self.ui.CheckStamp.clicked.connect(self.CheckStamp)
AttributeError: 'Ui_CheckWeigher' object has no attribute 'CheckStamp'

2024-06-19 11:35:25,383 Failed
Traceback (most recent call last):
  File "D:\Trung\Project\Checkweigher\Function\Scale.py", line 39, in openPort
    self.scale = Instrument(self.portScale, 1)
  File "d:\Trung\software\miniconda\envs\intemtui\lib\site-packages\minimalmodbus.py", line 220, in __init__
    self.serial = _serialports[port] = serial.Serial(
  File "d:\Trung\software\miniconda\envs\intemtui\lib\site-packages\serial\serialwin32.py", line 33, in __init__
    super(Serial, self).__init__(*args, **kwargs)
  File "d:\Trung\software\miniconda\envs\intemtui\lib\site-packages\serial\serialutil.py", line 244, in __init__
    self.open()
  File "d:\Trung\software\miniconda\envs\intemtui\lib\site-packages\serial\serialwin32.py", line 64, in open
    raise SerialException("could not open port {!r}: {!r}".format(self.portstr, ctypes.WinError()))
serial.serialutil.SerialException: could not open port 'COM5': FileNotFoundError(2, 'The system cannot find the file specified.', None, 2)

2024-06-19 11:38:57,591 Failed
Traceback (most recent call last):
  File "D:\Trung\Project\Checkweigher\Function\Scale.py", line 39, in openPort
    self.scale = Instrument(self.portScale, 1)
  File "d:\Trung\software\miniconda\envs\intemtui\lib\site-packages\minimalmodbus.py", line 220, in __init__
    self.serial = _serialports[port] = serial.Serial(
  File "d:\Trung\software\miniconda\envs\intemtui\lib\site-packages\serial\serialwin32.py", line 33, in __init__
    super(Serial, self).__init__(*args, **kwargs)
  File "d:\Trung\software\miniconda\envs\intemtui\lib\site-packages\serial\serialutil.py", line 244, in __init__
    self.open()
  File "d:\Trung\software\miniconda\envs\intemtui\lib\site-packages\serial\serialwin32.py", line 64, in open
    raise SerialException("could not open port {!r}: {!r}".format(self.portstr, ctypes.WinError()))
serial.serialutil.SerialException: could not open port 'COM5': FileNotFoundError(2, 'The system cannot find the file specified.', None, 2)

2024-06-19 11:39:26,420 Failed
Traceback (most recent call last):
  File "D:\Trung\Project\Checkweigher\Function\Scale.py", line 39, in openPort
    self.scale = Instrument(self.portScale, 1)
  File "d:\Trung\software\miniconda\envs\intemtui\lib\site-packages\minimalmodbus.py", line 220, in __init__
    self.serial = _serialports[port] = serial.Serial(
  File "d:\Trung\software\miniconda\envs\intemtui\lib\site-packages\serial\serialwin32.py", line 33, in __init__
    super(Serial, self).__init__(*args, **kwargs)
  File "d:\Trung\software\miniconda\envs\intemtui\lib\site-packages\serial\serialutil.py", line 244, in __init__
    self.open()
  File "d:\Trung\software\miniconda\envs\intemtui\lib\site-packages\serial\serialwin32.py", line 64, in open
    raise SerialException("could not open port {!r}: {!r}".format(self.portstr, ctypes.WinError()))
serial.serialutil.SerialException: could not open port 'COM5': FileNotFoundError(2, 'The system cannot find the file specified.', None, 2)

2024-06-19 11:42:50,964 Failed
Traceback (most recent call last):
  File "D:\Trung\Project\Checkweigher\Function\Scale.py", line 39, in openPort
    self.scale = Instrument(self.portScale, 1)
  File "d:\Trung\software\miniconda\envs\intemtui\lib\site-packages\minimalmodbus.py", line 220, in __init__
    self.serial = _serialports[port] = serial.Serial(
  File "d:\Trung\software\miniconda\envs\intemtui\lib\site-packages\serial\serialwin32.py", line 33, in __init__
    super(Serial, self).__init__(*args, **kwargs)
  File "d:\Trung\software\miniconda\envs\intemtui\lib\site-packages\serial\serialutil.py", line 244, in __init__
    self.open()
  File "d:\Trung\software\miniconda\envs\intemtui\lib\site-packages\serial\serialwin32.py", line 64, in open
    raise SerialException("could not open port {!r}: {!r}".format(self.portstr, ctypes.WinError()))
serial.serialutil.SerialException: could not open port 'COM5': FileNotFoundError(2, 'The system cannot find the file specified.', None, 2)

2024-06-19 11:46:08,466 Failed
Traceback (most recent call last):
  File "D:\Trung\Project\Checkweigher\Function\Scale.py", line 39, in openPort
    self.scale = Instrument(self.portScale, 1)
  File "d:\Trung\software\miniconda\envs\intemtui\lib\site-packages\minimalmodbus.py", line 220, in __init__
    self.serial = _serialports[port] = serial.Serial(
  File "d:\Trung\software\miniconda\envs\intemtui\lib\site-packages\serial\serialwin32.py", line 33, in __init__
    super(Serial, self).__init__(*args, **kwargs)
  File "d:\Trung\software\miniconda\envs\intemtui\lib\site-packages\serial\serialutil.py", line 244, in __init__
    self.open()
  File "d:\Trung\software\miniconda\envs\intemtui\lib\site-packages\serial\serialwin32.py", line 64, in open
    raise SerialException("could not open port {!r}: {!r}".format(self.portstr, ctypes.WinError()))
serial.serialutil.SerialException: could not open port 'COM5': FileNotFoundError(2, 'The system cannot find the file specified.', None, 2)

2024-06-19 11:46:50,138 Failed
Traceback (most recent call last):
  File "D:\Trung\Project\Checkweigher\Function\Scale.py", line 39, in openPort
    self.scale = Instrument(self.portScale, 1)
  File "d:\Trung\software\miniconda\envs\intemtui\lib\site-packages\minimalmodbus.py", line 220, in __init__
    self.serial = _serialports[port] = serial.Serial(
  File "d:\Trung\software\miniconda\envs\intemtui\lib\site-packages\serial\serialwin32.py", line 33, in __init__
    super(Serial, self).__init__(*args, **kwargs)
  File "d:\Trung\software\miniconda\envs\intemtui\lib\site-packages\serial\serialutil.py", line 244, in __init__
    self.open()
  File "d:\Trung\software\miniconda\envs\intemtui\lib\site-packages\serial\serialwin32.py", line 64, in open
    raise SerialException("could not open port {!r}: {!r}".format(self.portstr, ctypes.WinError()))
serial.serialutil.SerialException: could not open port 'COM5': FileNotFoundError(2, 'The system cannot find the file specified.', None, 2)

2024-06-19 11:48:59,737 Failed
Traceback (most recent call last):
  File "D:\Trung\Project\Checkweigher\Function\Scale.py", line 39, in openPort
    self.scale = Instrument(self.portScale, 1)
  File "d:\Trung\software\miniconda\envs\intemtui\lib\site-packages\minimalmodbus.py", line 220, in __init__
    self.serial = _serialports[port] = serial.Serial(
  File "d:\Trung\software\miniconda\envs\intemtui\lib\site-packages\serial\serialwin32.py", line 33, in __init__
    super(Serial, self).__init__(*args, **kwargs)
  File "d:\Trung\software\miniconda\envs\intemtui\lib\site-packages\serial\serialutil.py", line 244, in __init__
    self.open()
  File "d:\Trung\software\miniconda\envs\intemtui\lib\site-packages\serial\serialwin32.py", line 64, in open
    raise SerialException("could not open port {!r}: {!r}".format(self.portstr, ctypes.WinError()))
serial.serialutil.SerialException: could not open port 'COM5': FileNotFoundError(2, 'The system cannot find the file specified.', None, 2)

2024-06-19 12:18:46,697 Failed
Traceback (most recent call last):
  File "D:\Trung\Project\Checkweigher\Function\Scale.py", line 39, in openPort
    self.scale = Instrument(self.portScale, 1)
  File "d:\Trung\software\miniconda\envs\intemtui\lib\site-packages\minimalmodbus.py", line 220, in __init__
    self.serial = _serialports[port] = serial.Serial(
  File "d:\Trung\software\miniconda\envs\intemtui\lib\site-packages\serial\serialwin32.py", line 33, in __init__
    super(Serial, self).__init__(*args, **kwargs)
  File "d:\Trung\software\miniconda\envs\intemtui\lib\site-packages\serial\serialutil.py", line 244, in __init__
    self.open()
  File "d:\Trung\software\miniconda\envs\intemtui\lib\site-packages\serial\serialwin32.py", line 64, in open
    raise SerialException("could not open port {!r}: {!r}".format(self.portstr, ctypes.WinError()))
serial.serialutil.SerialException: could not open port 'COM5': FileNotFoundError(2, 'The system cannot find the file specified.', None, 2)

2024-06-19 13:10:48,421 Failed
Traceback (most recent call last):
  File "D:\Trung\Project\Checkweigher\Function\Scale.py", line 39, in openPort
    self.scale = Instrument(self.portScale, 1)
  File "d:\Trung\Project\Checkweigher\.venv\lib\site-packages\minimalmodbus.py", line 220, in __init__
    self.serial = _serialports[port] = serial.Serial(
  File "d:\Trung\Project\Checkweigher\.venv\lib\site-packages\serial\serialwin32.py", line 33, in __init__
    super(Serial, self).__init__(*args, **kwargs)
  File "d:\Trung\Project\Checkweigher\.venv\lib\site-packages\serial\serialutil.py", line 244, in __init__
    self.open()
  File "d:\Trung\Project\Checkweigher\.venv\lib\site-packages\serial\serialwin32.py", line 64, in open
    raise SerialException("could not open port {!r}: {!r}".format(self.portstr, ctypes.WinError()))
serial.serialutil.SerialException: could not open port 'COM5': FileNotFoundError(2, 'The system cannot find the file specified.', None, 2)

2024-06-19 13:39:42,486 Failed
Traceback (most recent call last):
  File "D:\Trung\Project\Checkweigher\Function\Scale.py", line 39, in openPort
    self.scale = Instrument(self.portScale, 1)
  File "d:\Trung\Project\Checkweigher\.venv\lib\site-packages\minimalmodbus.py", line 220, in __init__
    self.serial = _serialports[port] = serial.Serial(
  File "d:\Trung\Project\Checkweigher\.venv\lib\site-packages\serial\serialwin32.py", line 33, in __init__
    super(Serial, self).__init__(*args, **kwargs)
  File "d:\Trung\Project\Checkweigher\.venv\lib\site-packages\serial\serialutil.py", line 244, in __init__
    self.open()
  File "d:\Trung\Project\Checkweigher\.venv\lib\site-packages\serial\serialwin32.py", line 64, in open
    raise SerialException("could not open port {!r}: {!r}".format(self.portstr, ctypes.WinError()))
serial.serialutil.SerialException: could not open port 'COM5': FileNotFoundError(2, 'The system cannot find the file specified.', None, 2)

2024-06-19 13:41:26,489 Failed
Traceback (most recent call last):
  File "D:\Trung\Project\Checkweigher\Function\Scale.py", line 39, in openPort
    self.scale = Instrument(self.portScale, 1)
  File "d:\Trung\Project\Checkweigher\.venv\lib\site-packages\minimalmodbus.py", line 220, in __init__
    self.serial = _serialports[port] = serial.Serial(
  File "d:\Trung\Project\Checkweigher\.venv\lib\site-packages\serial\serialwin32.py", line 33, in __init__
    super(Serial, self).__init__(*args, **kwargs)
  File "d:\Trung\Project\Checkweigher\.venv\lib\site-packages\serial\serialutil.py", line 244, in __init__
    self.open()
  File "d:\Trung\Project\Checkweigher\.venv\lib\site-packages\serial\serialwin32.py", line 64, in open
    raise SerialException("could not open port {!r}: {!r}".format(self.portstr, ctypes.WinError()))
serial.serialutil.SerialException: could not open port 'COM5': FileNotFoundError(2, 'The system cannot find the file specified.', None, 2)

2024-06-19 13:41:40,944 Failed
Traceback (most recent call last):
  File "D:\Trung\Project\Checkweigher\Function\Scale.py", line 39, in openPort
    self.scale = Instrument(self.portScale, 1)
  File "d:\Trung\Project\Checkweigher\.venv\lib\site-packages\minimalmodbus.py", line 220, in __init__
    self.serial = _serialports[port] = serial.Serial(
  File "d:\Trung\Project\Checkweigher\.venv\lib\site-packages\serial\serialwin32.py", line 33, in __init__
    super(Serial, self).__init__(*args, **kwargs)
  File "d:\Trung\Project\Checkweigher\.venv\lib\site-packages\serial\serialutil.py", line 244, in __init__
    self.open()
  File "d:\Trung\Project\Checkweigher\.venv\lib\site-packages\serial\serialwin32.py", line 64, in open
    raise SerialException("could not open port {!r}: {!r}".format(self.portstr, ctypes.WinError()))
serial.serialutil.SerialException: could not open port 'COM5': FileNotFoundError(2, 'The system cannot find the file specified.', None, 2)

2024-06-19 13:41:56,787 Failed
Traceback (most recent call last):
  File "D:\Trung\Project\Checkweigher\Function\Scale.py", line 39, in openPort
    self.scale = Instrument(self.portScale, 1)
  File "d:\Trung\Project\Checkweigher\.venv\lib\site-packages\minimalmodbus.py", line 220, in __init__
    self.serial = _serialports[port] = serial.Serial(
  File "d:\Trung\Project\Checkweigher\.venv\lib\site-packages\serial\serialwin32.py", line 33, in __init__
    super(Serial, self).__init__(*args, **kwargs)
  File "d:\Trung\Project\Checkweigher\.venv\lib\site-packages\serial\serialutil.py", line 244, in __init__
    self.open()
  File "d:\Trung\Project\Checkweigher\.venv\lib\site-packages\serial\serialwin32.py", line 64, in open
    raise SerialException("could not open port {!r}: {!r}".format(self.portstr, ctypes.WinError()))
serial.serialutil.SerialException: could not open port 'COM5': FileNotFoundError(2, 'The system cannot find the file specified.', None, 2)

2024-06-19 13:42:17,362 Failed
Traceback (most recent call last):
  File "D:\Trung\Project\Checkweigher\Function\Scale.py", line 39, in openPort
    self.scale = Instrument(self.portScale, 1)
  File "d:\Trung\Project\Checkweigher\.venv\lib\site-packages\minimalmodbus.py", line 220, in __init__
    self.serial = _serialports[port] = serial.Serial(
  File "d:\Trung\Project\Checkweigher\.venv\lib\site-packages\serial\serialwin32.py", line 33, in __init__
    super(Serial, self).__init__(*args, **kwargs)
  File "d:\Trung\Project\Checkweigher\.venv\lib\site-packages\serial\serialutil.py", line 244, in __init__
    self.open()
  File "d:\Trung\Project\Checkweigher\.venv\lib\site-packages\serial\serialwin32.py", line 64, in open
    raise SerialException("could not open port {!r}: {!r}".format(self.portstr, ctypes.WinError()))
serial.serialutil.SerialException: could not open port 'COM5': FileNotFoundError(2, 'The system cannot find the file specified.', None, 2)

2024-06-19 13:42:25,720 Failed
Traceback (most recent call last):
  File "D:\Trung\Project\Checkweigher\Function\Scale.py", line 39, in openPort
    self.scale = Instrument(self.portScale, 1)
  File "d:\Trung\Project\Checkweigher\.venv\lib\site-packages\minimalmodbus.py", line 220, in __init__
    self.serial = _serialports[port] = serial.Serial(
  File "d:\Trung\Project\Checkweigher\.venv\lib\site-packages\serial\serialwin32.py", line 33, in __init__
    super(Serial, self).__init__(*args, **kwargs)
  File "d:\Trung\Project\Checkweigher\.venv\lib\site-packages\serial\serialutil.py", line 244, in __init__
    self.open()
  File "d:\Trung\Project\Checkweigher\.venv\lib\site-packages\serial\serialwin32.py", line 64, in open
    raise SerialException("could not open port {!r}: {!r}".format(self.portstr, ctypes.WinError()))
serial.serialutil.SerialException: could not open port 'COM5': FileNotFoundError(2, 'The system cannot find the file specified.', None, 2)

2024-06-19 13:42:49,077 Failed
Traceback (most recent call last):
  File "D:\Trung\Project\Checkweigher\Function\Scale.py", line 39, in openPort
    self.scale = Instrument(self.portScale, 1)
  File "d:\Trung\Project\Checkweigher\.venv\lib\site-packages\minimalmodbus.py", line 220, in __init__
    self.serial = _serialports[port] = serial.Serial(
  File "d:\Trung\Project\Checkweigher\.venv\lib\site-packages\serial\serialwin32.py", line 33, in __init__
    super(Serial, self).__init__(*args, **kwargs)
  File "d:\Trung\Project\Checkweigher\.venv\lib\site-packages\serial\serialutil.py", line 244, in __init__
    self.open()
  File "d:\Trung\Project\Checkweigher\.venv\lib\site-packages\serial\serialwin32.py", line 64, in open
    raise SerialException("could not open port {!r}: {!r}".format(self.portstr, ctypes.WinError()))
serial.serialutil.SerialException: could not open port 'COM5': FileNotFoundError(2, 'The system cannot find the file specified.', None, 2)

2024-07-30 13:57:22,287 Failed
Traceback (most recent call last):
  File "D:\Trung\Project\Checkweigher\Function\Scale.py", line 39, in openPort
    self.scale = Instrument(self.portScale, 1)
  File "d:\Trung\Project\Checkweigher\.venv\lib\site-packages\minimalmodbus.py", line 220, in __init__
    self.serial = _serialports[port] = serial.Serial(
  File "d:\Trung\Project\Checkweigher\.venv\lib\site-packages\serial\serialwin32.py", line 33, in __init__
    super(Serial, self).__init__(*args, **kwargs)
  File "d:\Trung\Project\Checkweigher\.venv\lib\site-packages\serial\serialutil.py", line 244, in __init__
    self.open()
  File "d:\Trung\Project\Checkweigher\.venv\lib\site-packages\serial\serialwin32.py", line 64, in open
    raise SerialException("could not open port {!r}: {!r}".format(self.portstr, ctypes.WinError()))
serial.serialutil.SerialException: could not open port 'COM5': FileNotFoundError(2, 'The system cannot find the file specified.', None, 2)

2024-07-30 14:14:41,050 Failed
Traceback (most recent call last):
  File "D:\Trung\Project\Checkweigher\Function\Scale.py", line 39, in openPort
    self.scale = Instrument(self.portScale, 1)
  File "d:\Trung\Project\Checkweigher\.venv\lib\site-packages\minimalmodbus.py", line 220, in __init__
    self.serial = _serialports[port] = serial.Serial(
  File "d:\Trung\Project\Checkweigher\.venv\lib\site-packages\serial\serialwin32.py", line 33, in __init__
    super(Serial, self).__init__(*args, **kwargs)
  File "d:\Trung\Project\Checkweigher\.venv\lib\site-packages\serial\serialutil.py", line 244, in __init__
    self.open()
  File "d:\Trung\Project\Checkweigher\.venv\lib\site-packages\serial\serialwin32.py", line 64, in open
    raise SerialException("could not open port {!r}: {!r}".format(self.portstr, ctypes.WinError()))
serial.serialutil.SerialException: could not open port 'COM5': FileNotFoundError(2, 'The system cannot find the file specified.', None, 2)

2024-07-30 14:19:54,371 Failed
Traceback (most recent call last):
  File "D:\Trung\Project\Checkweigher\Function\Scale.py", line 39, in openPort
    self.scale = Instrument(self.portScale, 1)
  File "d:\Trung\Project\Checkweigher\.venv\lib\site-packages\minimalmodbus.py", line 220, in __init__
    self.serial = _serialports[port] = serial.Serial(
  File "d:\Trung\Project\Checkweigher\.venv\lib\site-packages\serial\serialwin32.py", line 33, in __init__
    super(Serial, self).__init__(*args, **kwargs)
  File "d:\Trung\Project\Checkweigher\.venv\lib\site-packages\serial\serialutil.py", line 244, in __init__
    self.open()
  File "d:\Trung\Project\Checkweigher\.venv\lib\site-packages\serial\serialwin32.py", line 64, in open
    raise SerialException("could not open port {!r}: {!r}".format(self.portstr, ctypes.WinError()))
serial.serialutil.SerialException: could not open port 'COM5': FileNotFoundError(2, 'The system cannot find the file specified.', None, 2)

2024-07-30 14:20:36,752 Failed
Traceback (most recent call last):
  File "D:\Trung\Project\Checkweigher\Function\Scale.py", line 39, in openPort
    self.scale = Instrument(self.portScale, 1)
  File "d:\Trung\Project\Checkweigher\.venv\lib\site-packages\minimalmodbus.py", line 220, in __init__
    self.serial = _serialports[port] = serial.Serial(
  File "d:\Trung\Project\Checkweigher\.venv\lib\site-packages\serial\serialwin32.py", line 33, in __init__
    super(Serial, self).__init__(*args, **kwargs)
  File "d:\Trung\Project\Checkweigher\.venv\lib\site-packages\serial\serialutil.py", line 244, in __init__
    self.open()
  File "d:\Trung\Project\Checkweigher\.venv\lib\site-packages\serial\serialwin32.py", line 64, in open
    raise SerialException("could not open port {!r}: {!r}".format(self.portstr, ctypes.WinError()))
serial.serialutil.SerialException: could not open port 'COM5': FileNotFoundError(2, 'The system cannot find the file specified.', None, 2)

2024-07-30 14:22:55,996 Failed
Traceback (most recent call last):
  File "D:\Trung\Project\Checkweigher\Function\Scale.py", line 39, in openPort
    self.scale = Instrument(self.portScale, 1)
  File "d:\Trung\Project\Checkweigher\.venv\lib\site-packages\minimalmodbus.py", line 220, in __init__
    self.serial = _serialports[port] = serial.Serial(
  File "d:\Trung\Project\Checkweigher\.venv\lib\site-packages\serial\serialwin32.py", line 33, in __init__
    super(Serial, self).__init__(*args, **kwargs)
  File "d:\Trung\Project\Checkweigher\.venv\lib\site-packages\serial\serialutil.py", line 244, in __init__
    self.open()
  File "d:\Trung\Project\Checkweigher\.venv\lib\site-packages\serial\serialwin32.py", line 64, in open
    raise SerialException("could not open port {!r}: {!r}".format(self.portstr, ctypes.WinError()))
serial.serialutil.SerialException: could not open port 'COM5': FileNotFoundError(2, 'The system cannot find the file specified.', None, 2)

2024-07-30 14:23:38,517 Failed
Traceback (most recent call last):
  File "D:\Trung\Project\Checkweigher\Function\Scale.py", line 39, in openPort
    self.scale = Instrument(self.portScale, 1)
  File "d:\Trung\Project\Checkweigher\.venv\lib\site-packages\minimalmodbus.py", line 220, in __init__
    self.serial = _serialports[port] = serial.Serial(
  File "d:\Trung\Project\Checkweigher\.venv\lib\site-packages\serial\serialwin32.py", line 33, in __init__
    super(Serial, self).__init__(*args, **kwargs)
  File "d:\Trung\Project\Checkweigher\.venv\lib\site-packages\serial\serialutil.py", line 244, in __init__
    self.open()
  File "d:\Trung\Project\Checkweigher\.venv\lib\site-packages\serial\serialwin32.py", line 64, in open
    raise SerialException("could not open port {!r}: {!r}".format(self.portstr, ctypes.WinError()))
serial.serialutil.SerialException: could not open port 'COM5': FileNotFoundError(2, 'The system cannot find the file specified.', None, 2)

2024-07-30 14:26:22,360 Error
Traceback (most recent call last):
  File "D:\Trung\Project\Checkweigher\CheckWeigher.py", line 254, in <module>
    data = GetConfig()
  File "D:\Trung\Project\Checkweigher\Function\GetConfig.py", line 5, in __init__
    self.config = self.data()
  File "D:\Trung\Project\Checkweigher\Function\GetConfig.py", line 9, in data
    port = self.readfileport(file['filePort'])
  File "D:\Trung\Project\Checkweigher\Function\GetConfig.py", line 34, in readfileport
    with open(filePort) as f:
FileNotFoundError: [Errno 2] No such file or directory: 'D:\\Trung\\Project\\Checkweigher/data/ports.txt'

2024-07-30 14:26:52,572 Error
Traceback (most recent call last):
  File "D:\Trung\Project\Checkweigher\CheckWeigher.py", line 254, in <module>
    data = GetConfig()
  File "D:\Trung\Project\Checkweigher\Function\GetConfig.py", line 5, in __init__
    self.config = self.data()
  File "D:\Trung\Project\Checkweigher\Function\GetConfig.py", line 9, in data
    port = self.readfileport(file['filePort'])
  File "D:\Trung\Project\Checkweigher\Function\GetConfig.py", line 34, in readfileport
    with open(filePort) as f:
FileNotFoundError: [Errno 2] No such file or directory: 'D:\\Trung\\Project\\Checkweigher/data/ports.txt'

2024-07-30 14:28:06,777 Failed
Traceback (most recent call last):
  File "D:\Trung\Project\Checkweigher\Function\Scale.py", line 39, in openPort
    self.scale = Instrument(self.portScale, 1)
  File "d:\Trung\Project\Checkweigher\.venv\lib\site-packages\minimalmodbus.py", line 220, in __init__
    self.serial = _serialports[port] = serial.Serial(
  File "d:\Trung\Project\Checkweigher\.venv\lib\site-packages\serial\serialwin32.py", line 33, in __init__
    super(Serial, self).__init__(*args, **kwargs)
  File "d:\Trung\Project\Checkweigher\.venv\lib\site-packages\serial\serialutil.py", line 244, in __init__
    self.open()
  File "d:\Trung\Project\Checkweigher\.venv\lib\site-packages\serial\serialwin32.py", line 64, in open
    raise SerialException("could not open port {!r}: {!r}".format(self.portstr, ctypes.WinError()))
serial.serialutil.SerialException: could not open port 'COM5': FileNotFoundError(2, 'The system cannot find the file specified.', None, 2)

2024-07-30 14:30:46,532 Failed
Traceback (most recent call last):
  File "D:\Trung\Project\Checkweigher\Function\Scale.py", line 39, in openPort
    self.scale = Instrument(self.portScale, 1)
  File "d:\Trung\Project\Checkweigher\.venv\lib\site-packages\minimalmodbus.py", line 220, in __init__
    self.serial = _serialports[port] = serial.Serial(
  File "d:\Trung\Project\Checkweigher\.venv\lib\site-packages\serial\serialwin32.py", line 33, in __init__
    super(Serial, self).__init__(*args, **kwargs)
  File "d:\Trung\Project\Checkweigher\.venv\lib\site-packages\serial\serialutil.py", line 244, in __init__
    self.open()
  File "d:\Trung\Project\Checkweigher\.venv\lib\site-packages\serial\serialwin32.py", line 64, in open
    raise SerialException("could not open port {!r}: {!r}".format(self.portstr, ctypes.WinError()))
serial.serialutil.SerialException: could not open port 'COM5': FileNotFoundError(2, 'The system cannot find the file specified.', None, 2)

2024-07-30 14:32:47,881 Failed
Traceback (most recent call last):
  File "D:\Trung\Project\Checkweigher\Function\Scale.py", line 39, in openPort
    self.scale = Instrument(self.portScale, 1)
  File "d:\Trung\Project\Checkweigher\.venv\lib\site-packages\minimalmodbus.py", line 220, in __init__
    self.serial = _serialports[port] = serial.Serial(
  File "d:\Trung\Project\Checkweigher\.venv\lib\site-packages\serial\serialwin32.py", line 33, in __init__
    super(Serial, self).__init__(*args, **kwargs)
  File "d:\Trung\Project\Checkweigher\.venv\lib\site-packages\serial\serialutil.py", line 244, in __init__
    self.open()
  File "d:\Trung\Project\Checkweigher\.venv\lib\site-packages\serial\serialwin32.py", line 64, in open
    raise SerialException("could not open port {!r}: {!r}".format(self.portstr, ctypes.WinError()))
serial.serialutil.SerialException: could not open port 'COM5': FileNotFoundError(2, 'The system cannot find the file specified.', None, 2)

2024-07-30 14:35:18,457 Failed
Traceback (most recent call last):
  File "D:\Trung\Project\Checkweigher\Function\Scale.py", line 39, in openPort
    self.scale = Instrument(self.portScale, 1)
  File "d:\Trung\Project\Checkweigher\.venv\lib\site-packages\minimalmodbus.py", line 220, in __init__
    self.serial = _serialports[port] = serial.Serial(
  File "d:\Trung\Project\Checkweigher\.venv\lib\site-packages\serial\serialwin32.py", line 33, in __init__
    super(Serial, self).__init__(*args, **kwargs)
  File "d:\Trung\Project\Checkweigher\.venv\lib\site-packages\serial\serialutil.py", line 244, in __init__
    self.open()
  File "d:\Trung\Project\Checkweigher\.venv\lib\site-packages\serial\serialwin32.py", line 64, in open
    raise SerialException("could not open port {!r}: {!r}".format(self.portstr, ctypes.WinError()))
serial.serialutil.SerialException: could not open port 'COM5': FileNotFoundError(2, 'The system cannot find the file specified.', None, 2)

2024-07-30 14:38:14,278 Error
Traceback (most recent call last):
  File "D:\Trung\Project\Checkweigher\CheckWeigher.py", line 254, in <module>
    data = GetConfig()
  File "D:\Trung\Project\Checkweigher\Function\GetConfig.py", line 5, in __init__
    self.config = self.data()
  File "D:\Trung\Project\Checkweigher\Function\GetConfig.py", line 9, in data
    port = self.readfileport(file['filePort'])
  File "D:\Trung\Project\Checkweigher\Function\GetConfig.py", line 34, in readfileport
    with open(filePort) as f:
FileNotFoundError: [Errno 2] No such file or directory: 'D:\\Trung\\Project\\Checkweigher/data/ports.txt'

2024-07-30 14:38:39,458 Failed
Traceback (most recent call last):
  File "D:\Trung\Project\Checkweigher\Function\Scale.py", line 39, in openPort
    self.scale = Instrument(self.portScale, 1)
  File "d:\Trung\Project\Checkweigher\.venv\lib\site-packages\minimalmodbus.py", line 220, in __init__
    self.serial = _serialports[port] = serial.Serial(
  File "d:\Trung\Project\Checkweigher\.venv\lib\site-packages\serial\serialwin32.py", line 33, in __init__
    super(Serial, self).__init__(*args, **kwargs)
  File "d:\Trung\Project\Checkweigher\.venv\lib\site-packages\serial\serialutil.py", line 244, in __init__
    self.open()
  File "d:\Trung\Project\Checkweigher\.venv\lib\site-packages\serial\serialwin32.py", line 64, in open
    raise SerialException("could not open port {!r}: {!r}".format(self.portstr, ctypes.WinError()))
serial.serialutil.SerialException: could not open port 'COM5': FileNotFoundError(2, 'The system cannot find the file specified.', None, 2)

2024-09-09 13:28:42,511 Error
Traceback (most recent call last):
  File "D:\Trung\Checkweigher\CheckWeigher.py", line 256, in <module>
    gui = MainGUI(data.config)
  File "D:\Trung\Checkweigher\CheckWeigher.py", line 26, in __init__
    self.loaddata = LoadData(self, fileData=fileData, filePrint=filePrint, fileUpdateData=fileUpdateData, fileUpdatePrint=fileUpdatePrint)
  File "D:\Trung\Checkweigher\Function\LoadData.py", line 15, in __init__
    self.data, self.data_print = self.loaddata()
  File "D:\Trung\Checkweigher\Function\LoadData.py", line 19, in loaddata
    data = pl.read_excel(source = self.fileData, sheet_name = 'Database', schema_overrides = {'Code Item': str},
  File "d:\Trung\Checkweigher\.venv\lib\site-packages\polars\io\spreadsheet\functions.py", line 232, in read_excel
    return _read_spreadsheet(
  File "d:\Trung\Checkweigher\.venv\lib\site-packages\polars\io\spreadsheet\functions.py", line 432, in _read_spreadsheet
    return reader_fn(
  File "d:\Trung\Checkweigher\.venv\lib\site-packages\polars\io\spreadsheet\functions.py", line 671, in _read_spreadsheet_xlsx2csv
    return _csv_buffer_to_frame(
  File "d:\Trung\Checkweigher\.venv\lib\site-packages\polars\io\spreadsheet\functions.py", line 511, in _csv_buffer_to_frame
    df = read_csv(
  File "d:\Trung\Checkweigher\.venv\lib\site-packages\polars\io\csv\functions.py", line 364, in read_csv
    df = pl.DataFrame._read_csv(
  File "d:\Trung\Checkweigher\.venv\lib\site-packages\polars\dataframe\frame.py", line 768, in _read_csv
    self._df = PyDataFrame.read_csv(
exceptions.ColumnNotFoundError: unable to find column "\u0110\u1ecbnh d\u1ea1ng Tem Thùng"; valid columns: ["Code Item", "ProductOf", "Quantity thùng", "Name", "CAT", "INT", "Size", "Type", "Mã 1", "Mã v\u1ea1ch thùng \u0111\u1ea7u", "Mã v\u1ea1ch thùng \u0111uôi", "Mã v\u1ea1ch nh\u1ecf", "\u0110\u01a1n v\u1ecb thùng"]

2024-09-09 13:30:42,486 Failed
Traceback (most recent call last):
  File "D:\Trung\Checkweigher\Function\Scale.py", line 39, in openPort
    self.scale = Instrument(self.portScale, 1)
  File "d:\Trung\Checkweigher\.venv\lib\site-packages\minimalmodbus.py", line 220, in __init__
    self.serial = _serialports[port] = serial.Serial(
  File "d:\Trung\Checkweigher\.venv\lib\site-packages\serial\serialwin32.py", line 33, in __init__
    super(Serial, self).__init__(*args, **kwargs)
  File "d:\Trung\Checkweigher\.venv\lib\site-packages\serial\serialutil.py", line 244, in __init__
    self.open()
  File "d:\Trung\Checkweigher\.venv\lib\site-packages\serial\serialwin32.py", line 64, in open
    raise SerialException("could not open port {!r}: {!r}".format(self.portstr, ctypes.WinError()))
serial.serialutil.SerialException: could not open port 'COM5': FileNotFoundError(2, 'The system cannot find the file specified.', None, 2)

2024-09-09 13:35:03,097 Failed
Traceback (most recent call last):
  File "D:\Trung\Checkweigher\Function\Scale.py", line 39, in openPort
    self.scale = Instrument(self.portScale, 1)
  File "d:\Trung\Checkweigher\.venv\lib\site-packages\minimalmodbus.py", line 220, in __init__
    self.serial = _serialports[port] = serial.Serial(
  File "d:\Trung\Checkweigher\.venv\lib\site-packages\serial\serialwin32.py", line 33, in __init__
    super(Serial, self).__init__(*args, **kwargs)
  File "d:\Trung\Checkweigher\.venv\lib\site-packages\serial\serialutil.py", line 244, in __init__
    self.open()
  File "d:\Trung\Checkweigher\.venv\lib\site-packages\serial\serialwin32.py", line 64, in open
    raise SerialException("could not open port {!r}: {!r}".format(self.portstr, ctypes.WinError()))
serial.serialutil.SerialException: could not open port 'COM5': FileNotFoundError(2, 'The system cannot find the file specified.', None, 2)

2024-09-09 14:01:19,685 Failed
Traceback (most recent call last):
  File "D:\Trung\Checkweigher\Function\Scale.py", line 39, in openPort
    self.scale = Instrument(self.portScale, 1)
  File "d:\Trung\Checkweigher\.venv\lib\site-packages\minimalmodbus.py", line 220, in __init__
    self.serial = _serialports[port] = serial.Serial(
  File "d:\Trung\Checkweigher\.venv\lib\site-packages\serial\serialwin32.py", line 33, in __init__
    super(Serial, self).__init__(*args, **kwargs)
  File "d:\Trung\Checkweigher\.venv\lib\site-packages\serial\serialutil.py", line 244, in __init__
    self.open()
  File "d:\Trung\Checkweigher\.venv\lib\site-packages\serial\serialwin32.py", line 64, in open
    raise SerialException("could not open port {!r}: {!r}".format(self.portstr, ctypes.WinError()))
serial.serialutil.SerialException: could not open port 'COM5': FileNotFoundError(2, 'The system cannot find the file specified.', None, 2)

2024-09-09 14:04:00,295 Failed
Traceback (most recent call last):
  File "D:\Trung\Checkweigher\Function\Scale.py", line 39, in openPort
    self.scale = Instrument(self.portScale, 1)
  File "d:\Trung\Checkweigher\.venv\lib\site-packages\minimalmodbus.py", line 220, in __init__
    self.serial = _serialports[port] = serial.Serial(
  File "d:\Trung\Checkweigher\.venv\lib\site-packages\serial\serialwin32.py", line 33, in __init__
    super(Serial, self).__init__(*args, **kwargs)
  File "d:\Trung\Checkweigher\.venv\lib\site-packages\serial\serialutil.py", line 244, in __init__
    self.open()
  File "d:\Trung\Checkweigher\.venv\lib\site-packages\serial\serialwin32.py", line 64, in open
    raise SerialException("could not open port {!r}: {!r}".format(self.portstr, ctypes.WinError()))
serial.serialutil.SerialException: could not open port 'COM5': FileNotFoundError(2, 'The system cannot find the file specified.', None, 2)

2024-09-09 14:05:39,852 Failed
Traceback (most recent call last):
  File "D:\Trung\Checkweigher\Function\Scale.py", line 39, in openPort
    self.scale = Instrument(self.portScale, 1)
  File "d:\Trung\Checkweigher\.venv\lib\site-packages\minimalmodbus.py", line 220, in __init__
    self.serial = _serialports[port] = serial.Serial(
  File "d:\Trung\Checkweigher\.venv\lib\site-packages\serial\serialwin32.py", line 33, in __init__
    super(Serial, self).__init__(*args, **kwargs)
  File "d:\Trung\Checkweigher\.venv\lib\site-packages\serial\serialutil.py", line 244, in __init__
    self.open()
  File "d:\Trung\Checkweigher\.venv\lib\site-packages\serial\serialwin32.py", line 64, in open
    raise SerialException("could not open port {!r}: {!r}".format(self.portstr, ctypes.WinError()))
serial.serialutil.SerialException: could not open port 'COM5': FileNotFoundError(2, 'The system cannot find the file specified.', None, 2)

2024-09-09 14:13:05,385 Failed
Traceback (most recent call last):
  File "D:\Trung\Checkweigher\Function\Scale.py", line 39, in openPort
    self.scale = Instrument(self.portScale, 1)
  File "d:\Trung\Checkweigher\.venv\lib\site-packages\minimalmodbus.py", line 220, in __init__
    self.serial = _serialports[port] = serial.Serial(
  File "d:\Trung\Checkweigher\.venv\lib\site-packages\serial\serialwin32.py", line 33, in __init__
    super(Serial, self).__init__(*args, **kwargs)
  File "d:\Trung\Checkweigher\.venv\lib\site-packages\serial\serialutil.py", line 244, in __init__
    self.open()
  File "d:\Trung\Checkweigher\.venv\lib\site-packages\serial\serialwin32.py", line 64, in open
    raise SerialException("could not open port {!r}: {!r}".format(self.portstr, ctypes.WinError()))
serial.serialutil.SerialException: could not open port 'COM5': FileNotFoundError(2, 'The system cannot find the file specified.', None, 2)

2024-09-09 14:17:04,949 Failed
Traceback (most recent call last):
  File "D:\Trung\Checkweigher\Function\Scale.py", line 39, in openPort
    self.scale = Instrument(self.portScale, 1)
  File "d:\Trung\Checkweigher\.venv\lib\site-packages\minimalmodbus.py", line 220, in __init__
    self.serial = _serialports[port] = serial.Serial(
  File "d:\Trung\Checkweigher\.venv\lib\site-packages\serial\serialwin32.py", line 33, in __init__
    super(Serial, self).__init__(*args, **kwargs)
  File "d:\Trung\Checkweigher\.venv\lib\site-packages\serial\serialutil.py", line 244, in __init__
    self.open()
  File "d:\Trung\Checkweigher\.venv\lib\site-packages\serial\serialwin32.py", line 64, in open
    raise SerialException("could not open port {!r}: {!r}".format(self.portstr, ctypes.WinError()))
serial.serialutil.SerialException: could not open port 'COM5': FileNotFoundError(2, 'The system cannot find the file specified.', None, 2)

2024-09-09 14:17:19,996 Failed
Traceback (most recent call last):
  File "D:\Trung\Checkweigher\Function\Scale.py", line 39, in openPort
    self.scale = Instrument(self.portScale, 1)
  File "d:\Trung\Checkweigher\.venv\lib\site-packages\minimalmodbus.py", line 220, in __init__
    self.serial = _serialports[port] = serial.Serial(
  File "d:\Trung\Checkweigher\.venv\lib\site-packages\serial\serialwin32.py", line 33, in __init__
    super(Serial, self).__init__(*args, **kwargs)
  File "d:\Trung\Checkweigher\.venv\lib\site-packages\serial\serialutil.py", line 244, in __init__
    self.open()
  File "d:\Trung\Checkweigher\.venv\lib\site-packages\serial\serialwin32.py", line 64, in open
    raise SerialException("could not open port {!r}: {!r}".format(self.portstr, ctypes.WinError()))
serial.serialutil.SerialException: could not open port 'COM5': FileNotFoundError(2, 'The system cannot find the file specified.', None, 2)

2024-09-09 14:20:38,685 Failed
Traceback (most recent call last):
  File "D:\Trung\Checkweigher\Function\Scale.py", line 39, in openPort
    self.scale = Instrument(self.portScale, 1)
  File "d:\Trung\Checkweigher\.venv\lib\site-packages\minimalmodbus.py", line 220, in __init__
    self.serial = _serialports[port] = serial.Serial(
  File "d:\Trung\Checkweigher\.venv\lib\site-packages\serial\serialwin32.py", line 33, in __init__
    super(Serial, self).__init__(*args, **kwargs)
  File "d:\Trung\Checkweigher\.venv\lib\site-packages\serial\serialutil.py", line 244, in __init__
    self.open()
  File "d:\Trung\Checkweigher\.venv\lib\site-packages\serial\serialwin32.py", line 64, in open
    raise SerialException("could not open port {!r}: {!r}".format(self.portstr, ctypes.WinError()))
serial.serialutil.SerialException: could not open port 'COM5': FileNotFoundError(2, 'The system cannot find the file specified.', None, 2)

2024-09-09 14:22:09,850 Failed
Traceback (most recent call last):
  File "D:\Trung\Checkweigher\Function\Scale.py", line 39, in openPort
    self.scale = Instrument(self.portScale, 1)
  File "d:\Trung\Checkweigher\.venv\lib\site-packages\minimalmodbus.py", line 220, in __init__
    self.serial = _serialports[port] = serial.Serial(
  File "d:\Trung\Checkweigher\.venv\lib\site-packages\serial\serialwin32.py", line 33, in __init__
    super(Serial, self).__init__(*args, **kwargs)
  File "d:\Trung\Checkweigher\.venv\lib\site-packages\serial\serialutil.py", line 244, in __init__
    self.open()
  File "d:\Trung\Checkweigher\.venv\lib\site-packages\serial\serialwin32.py", line 64, in open
    raise SerialException("could not open port {!r}: {!r}".format(self.portstr, ctypes.WinError()))
serial.serialutil.SerialException: could not open port 'COM5': FileNotFoundError(2, 'The system cannot find the file specified.', None, 2)

2024-09-09 14:23:17,020 Failed
Traceback (most recent call last):
  File "D:\Trung\Checkweigher\Function\Scale.py", line 39, in openPort
    self.scale = Instrument(self.portScale, 1)
  File "d:\Trung\Checkweigher\.venv\lib\site-packages\minimalmodbus.py", line 220, in __init__
    self.serial = _serialports[port] = serial.Serial(
  File "d:\Trung\Checkweigher\.venv\lib\site-packages\serial\serialwin32.py", line 33, in __init__
    super(Serial, self).__init__(*args, **kwargs)
  File "d:\Trung\Checkweigher\.venv\lib\site-packages\serial\serialutil.py", line 244, in __init__
    self.open()
  File "d:\Trung\Checkweigher\.venv\lib\site-packages\serial\serialwin32.py", line 64, in open
    raise SerialException("could not open port {!r}: {!r}".format(self.portstr, ctypes.WinError()))
serial.serialutil.SerialException: could not open port 'COM5': FileNotFoundError(2, 'The system cannot find the file specified.', None, 2)

2024-09-09 14:27:58,811 Failed
Traceback (most recent call last):
  File "D:\Trung\Checkweigher\Function\Scale.py", line 39, in openPort
    self.scale = Instrument(self.portScale, 1)
  File "d:\Trung\Checkweigher\.venv\lib\site-packages\minimalmodbus.py", line 220, in __init__
    self.serial = _serialports[port] = serial.Serial(
  File "d:\Trung\Checkweigher\.venv\lib\site-packages\serial\serialwin32.py", line 33, in __init__
    super(Serial, self).__init__(*args, **kwargs)
  File "d:\Trung\Checkweigher\.venv\lib\site-packages\serial\serialutil.py", line 244, in __init__
    self.open()
  File "d:\Trung\Checkweigher\.venv\lib\site-packages\serial\serialwin32.py", line 64, in open
    raise SerialException("could not open port {!r}: {!r}".format(self.portstr, ctypes.WinError()))
serial.serialutil.SerialException: could not open port 'COM5': FileNotFoundError(2, 'The system cannot find the file specified.', None, 2)

2024-09-09 14:28:26,746 Failed
Traceback (most recent call last):
  File "D:\Trung\Checkweigher\Function\Scale.py", line 39, in openPort
    self.scale = Instrument(self.portScale, 1)
  File "d:\Trung\Checkweigher\.venv\lib\site-packages\minimalmodbus.py", line 220, in __init__
    self.serial = _serialports[port] = serial.Serial(
  File "d:\Trung\Checkweigher\.venv\lib\site-packages\serial\serialwin32.py", line 33, in __init__
    super(Serial, self).__init__(*args, **kwargs)
  File "d:\Trung\Checkweigher\.venv\lib\site-packages\serial\serialutil.py", line 244, in __init__
    self.open()
  File "d:\Trung\Checkweigher\.venv\lib\site-packages\serial\serialwin32.py", line 64, in open
    raise SerialException("could not open port {!r}: {!r}".format(self.portstr, ctypes.WinError()))
serial.serialutil.SerialException: could not open port 'COM5': FileNotFoundError(2, 'The system cannot find the file specified.', None, 2)

2024-09-09 14:28:59,056 Failed
Traceback (most recent call last):
  File "D:\Trung\Checkweigher\Function\Scale.py", line 39, in openPort
    self.scale = Instrument(self.portScale, 1)
  File "d:\Trung\Checkweigher\.venv\lib\site-packages\minimalmodbus.py", line 220, in __init__
    self.serial = _serialports[port] = serial.Serial(
  File "d:\Trung\Checkweigher\.venv\lib\site-packages\serial\serialwin32.py", line 33, in __init__
    super(Serial, self).__init__(*args, **kwargs)
  File "d:\Trung\Checkweigher\.venv\lib\site-packages\serial\serialutil.py", line 244, in __init__
    self.open()
  File "d:\Trung\Checkweigher\.venv\lib\site-packages\serial\serialwin32.py", line 64, in open
    raise SerialException("could not open port {!r}: {!r}".format(self.portstr, ctypes.WinError()))
serial.serialutil.SerialException: could not open port 'COM5': FileNotFoundError(2, 'The system cannot find the file specified.', None, 2)

2024-09-09 14:33:20,199 Failed
Traceback (most recent call last):
  File "D:\Trung\Checkweigher\Function\Scale.py", line 39, in openPort
    self.scale = Instrument(self.portScale, 1)
  File "d:\Trung\Checkweigher\.venv\lib\site-packages\minimalmodbus.py", line 220, in __init__
    self.serial = _serialports[port] = serial.Serial(
  File "d:\Trung\Checkweigher\.venv\lib\site-packages\serial\serialwin32.py", line 33, in __init__
    super(Serial, self).__init__(*args, **kwargs)
  File "d:\Trung\Checkweigher\.venv\lib\site-packages\serial\serialutil.py", line 244, in __init__
    self.open()
  File "d:\Trung\Checkweigher\.venv\lib\site-packages\serial\serialwin32.py", line 64, in open
    raise SerialException("could not open port {!r}: {!r}".format(self.portstr, ctypes.WinError()))
serial.serialutil.SerialException: could not open port 'COM5': FileNotFoundError(2, 'The system cannot find the file specified.', None, 2)

2024-09-09 14:33:48,588 Failed
Traceback (most recent call last):
  File "D:\Trung\Checkweigher\Function\Scale.py", line 39, in openPort
    self.scale = Instrument(self.portScale, 1)
  File "d:\Trung\Checkweigher\.venv\lib\site-packages\minimalmodbus.py", line 220, in __init__
    self.serial = _serialports[port] = serial.Serial(
  File "d:\Trung\Checkweigher\.venv\lib\site-packages\serial\serialwin32.py", line 33, in __init__
    super(Serial, self).__init__(*args, **kwargs)
  File "d:\Trung\Checkweigher\.venv\lib\site-packages\serial\serialutil.py", line 244, in __init__
    self.open()
  File "d:\Trung\Checkweigher\.venv\lib\site-packages\serial\serialwin32.py", line 64, in open
    raise SerialException("could not open port {!r}: {!r}".format(self.portstr, ctypes.WinError()))
serial.serialutil.SerialException: could not open port 'COM5': FileNotFoundError(2, 'The system cannot find the file specified.', None, 2)

2024-09-09 15:28:45,309 Failed
Traceback (most recent call last):
  File "D:\Trung\Checkweigher\Function\Scale.py", line 39, in openPort
    self.scale = Instrument(self.portScale, 1)
  File "d:\Trung\Checkweigher\.venv\lib\site-packages\minimalmodbus.py", line 220, in __init__
    self.serial = _serialports[port] = serial.Serial(
  File "d:\Trung\Checkweigher\.venv\lib\site-packages\serial\serialwin32.py", line 33, in __init__
    super(Serial, self).__init__(*args, **kwargs)
  File "d:\Trung\Checkweigher\.venv\lib\site-packages\serial\serialutil.py", line 244, in __init__
    self.open()
  File "d:\Trung\Checkweigher\.venv\lib\site-packages\serial\serialwin32.py", line 64, in open
    raise SerialException("could not open port {!r}: {!r}".format(self.portstr, ctypes.WinError()))
serial.serialutil.SerialException: could not open port 'COM5': FileNotFoundError(2, 'The system cannot find the file specified.', None, 2)
